---
brier_score:         0.1928
brier_95ci:          0.1916-0.1940
calibration_error:   0.0180
expected_profit_pct: 7.0
hit_rate:            0.691
sample_size:         93313
trades_taken:        1972
elapsed_seconds:     3.2
commit:              85a4447
use_stat_space:      False
params_changed:      MATCHUP_MULTIPLIER, VENUE_MULTIPLIER, B2B_PENALTY, RECENCY_WEIGHT_LAST5, RECENCY_WEIGHT_LAST10, BOOK_B_MIN_EDGE
---

Per-stat breakdown:
                       stat    brier    hit   profit%      n
  -------------------------  -------  -----  --------  -----
                    assists  0.1832  0.724     -2.2%  10743
                     blocks  0.1232  0.814     -3.6%   6775
                     points  0.2428  0.578     11.9%  12618
    points+rebounds+assists  0.2484  0.550      9.6%  12618
                   rebounds  0.2006  0.703     15.0%  12372
           rebounds+assists  0.2245  0.642     15.9%  12599
                     steals  0.1305  0.802      8.4%   8237
             three_pointers  0.1564  0.767      5.9%   7875
                  turnovers  0.1450  0.790     23.9%   9476
